[dotenv@17.2.3] injecting env (72) from backend\.env -- tip: ≡ƒôí add observability to secrets: https://dotenvx.com/ops
[36m
≡ƒº¬ COMPREHENSIVE FEATURE TEST SUITE
[0m
[36mΓòÉΓòÉΓòÉΓòÉΓòÉΓòÉΓòÉΓòÉΓòÉΓòÉΓòÉΓòÉΓòÉΓòÉΓòÉΓòÉΓòÉΓòÉΓòÉΓòÉΓòÉΓòÉΓòÉΓòÉΓòÉΓòÉΓòÉΓòÉΓòÉΓòÉΓòÉΓòÉΓòÉΓòÉΓòÉΓòÉΓòÉΓòÉΓòÉΓòÉΓòÉΓòÉΓòÉΓòÉΓòÉΓòÉΓòÉΓòÉΓòÉΓòÉΓòÉΓòÉΓòÉΓòÉΓòÉ
[0m
[33m
≡ƒöæ Authenticating test user...[0m
[31mTest user registration failed: connect ECONNREFUSED ::1:5000[0m
[31mTest user login failed: connect ECONNREFUSED ::1:5000[0m
[31m
Γ¥î Test suite failed: Cannot authenticate test user, aborting tests.[0m
