[dotenv@17.2.3] injecting env (64) from backend\.env -- tip: ΓÜÖ∩╕Å  suppress all logs with { quiet: true }
≡ƒº¬ QR Analytics Endpoint Tests
[32mΓ£ô Registered test user[0m
[32mΓ£ô Authenticated test user[0m
[33m! Loaded pledges for QR analytics test[0m
[33m  Tenant context required[0m
[32mΓ£ô GET /qr/dashboard[0m
[32mΓ£ô GET /qr/analytics[0m

Passed: 4 | Failed: 0
